ARM Linker, 5.03 [Build 76] [MDK-ARM Lite]

==============================================================================

Section Cross References

    startup_tm4c123.o(STACK) refers (Special) to heapauxi.o(.text) for __use_two_region_memory
    startup_tm4c123.o(HEAP) refers (Special) to heapauxi.o(.text) for __use_two_region_memory
    startup_tm4c123.o(RESET) refers (Special) to heapauxi.o(.text) for __use_two_region_memory
    startup_tm4c123.o(RESET) refers to startup_tm4c123.o(STACK) for __initial_sp
    startup_tm4c123.o(RESET) refers to startup_tm4c123.o(.text) for Reset_Handler
    startup_tm4c123.o(.text) refers (Special) to heapauxi.o(.text) for __use_two_region_memory
    startup_tm4c123.o(.text) refers to mpu650.o(.text) for SystemInit
    startup_tm4c123.o(.text) refers to __main.o(!!!main) for __main
    startup_tm4c123.o(.text) refers to startup_tm4c123.o(HEAP) for Heap_Mem
    startup_tm4c123.o(.text) refers to startup_tm4c123.o(STACK) for Stack_Mem
    mpu650.o(.text) refers to _printf_percent.o(.ARM.Collect$$_printf_percent$$00000000) for _printf_percent
    mpu650.o(.text) refers to _printf_f.o(.ARM.Collect$$_printf_percent$$00000003) for _printf_f
    mpu650.o(.text) refers to printf1.o(x$fpl$printf1) for _printf_fp_dec
    mpu650.o(.text) refers to f2d.o(x$fpl$f2d) for __aeabi_f2d
    mpu650.o(.text) refers to noretval__2sprintf.o(.text) for __2sprintf
    mpu650.o(.text) refers to mpu650.o(.bss) for msg
    __2sprintf.o(.text) refers to _printf_char_common.o(.text) for _printf_char_common
    __2sprintf.o(.text) refers to _sputc.o(.text) for _sputc
    noretval__2sprintf.o(.text) refers to _printf_char_common.o(.text) for _printf_char_common
    noretval__2sprintf.o(.text) refers to _sputc.o(.text) for _sputc
    __printf.o(.text) refers to _printf_percent.o(.ARM.Collect$$_printf_percent$$00000000) for _printf_percent
    __printf_flags.o(.text) refers to _printf_percent.o(.ARM.Collect$$_printf_percent$$00000000) for _printf_percent
    __printf_flags.o(.text) refers to __printf_flags.o(.constdata) for .constdata
    __printf_ss.o(.text) refers to _printf_percent.o(.ARM.Collect$$_printf_percent$$00000000) for _printf_percent
    __printf_flags_ss.o(.text) refers to _printf_percent.o(.ARM.Collect$$_printf_percent$$00000000) for _printf_percent
    __printf_flags_ss.o(.text) refers to __printf_flags_ss.o(.constdata) for .constdata
    __printf_wp.o(.text) refers to __printf_wp.o(i._is_digit) for _is_digit
    __printf_wp.o(.text) refers to _printf_percent.o(.ARM.Collect$$_printf_percent$$00000000) for _printf_percent
    __printf_flags_wp.o(.text) refers to __printf_wp.o(i._is_digit) for _is_digit
    __printf_flags_wp.o(.text) refers to _printf_percent.o(.ARM.Collect$$_printf_percent$$00000000) for _printf_percent
    __printf_flags_wp.o(.text) refers to __printf_flags_wp.o(.constdata) for .constdata
    __printf_ss_wp.o(.text) refers to __printf_wp.o(i._is_digit) for _is_digit
    __printf_ss_wp.o(.text) refers to _printf_percent.o(.ARM.Collect$$_printf_percent$$00000000) for _printf_percent
    __printf_flags_ss_wp.o(.text) refers to __printf_wp.o(i._is_digit) for _is_digit
    __printf_flags_ss_wp.o(.text) refers to _printf_percent.o(.ARM.Collect$$_printf_percent$$00000000) for _printf_percent
    __printf_flags_ss_wp.o(.text) refers to __printf_flags_ss_wp.o(.constdata) for .constdata
    _printf_f.o(.ARM.Collect$$_printf_percent$$00000003) refers (Weak) to printf1.o(x$fpl$printf1) for _printf_fp_dec
    _printf_percent.o(.ARM.Collect$$_printf_percent$$00000000) refers (Special) to _printf_percent_end.o(.ARM.Collect$$_printf_percent$$00000017) for _printf_percent_end
    __main.o(!!!main) refers to rtentry.o(.ARM.Collect$$rtentry$$00000000) for __rt_entry
    f2d.o(x$fpl$f2d) refers (Special) to usenofp.o(x$fpl$usenofp) for __I$use$fp
    f2d.o(x$fpl$f2d) refers to fnaninf.o(x$fpl$fnaninf) for __fpl_fnaninf
    f2d.o(x$fpl$f2d) refers to dretinf.o(x$fpl$dretinf) for __fpl_dretinf
    printf1.o(x$fpl$printf1) refers to _printf_fp_dec.o(.text) for _printf_fp_dec_real
    rtentry.o(.ARM.Collect$$rtentry$$00000000) refers (Special) to rtentry2.o(.ARM.Collect$$rtentry$$0000000A) for __rt_entry_li
    rtentry.o(.ARM.Collect$$rtentry$$00000000) refers (Special) to rtentry2.o(.ARM.Collect$$rtentry$$0000000D) for __rt_entry_main
    rtentry.o(.ARM.Collect$$rtentry$$00000000) refers (Special) to rtentry2.o(.ARM.Collect$$rtentry$$0000000C) for __rt_entry_postli_1
    rtentry.o(.ARM.Collect$$rtentry$$00000000) refers (Special) to rtentry2.o(.ARM.Collect$$rtentry$$00000009) for __rt_entry_postsh_1
    rtentry.o(.ARM.Collect$$rtentry$$00000000) refers (Special) to rtentry2.o(.ARM.Collect$$rtentry$$00000002) for __rt_entry_presh_1
    rtentry.o(.ARM.Collect$$rtentry$$00000000) refers (Special) to rtentry4.o(.ARM.Collect$$rtentry$$00000004) for __rt_entry_sh
    _printf_fp_dec.o(.text) refers (Special) to usenofp.o(x$fpl$usenofp) for __I$use$fp
    _printf_fp_dec.o(.text) refers (Special) to lc_numeric_c.o(locale$$code) for _get_lc_numeric
    _printf_fp_dec.o(.text) refers to bigflt0.o(.text) for _btod_etento
    _printf_fp_dec.o(.text) refers to btod.o(CL$$btod_d2e) for _btod_d2e
    _printf_fp_dec.o(.text) refers to btod.o(CL$$btod_ediv) for _btod_ediv
    _printf_fp_dec.o(.text) refers to btod.o(CL$$btod_emul) for _btod_emul
    _printf_fp_dec.o(.text) refers to lludiv10.o(.text) for _ll_udiv10
    _printf_fp_dec.o(.text) refers to fpclassify.o(i.__ARM_fpclassify) for __ARM_fpclassify
    _printf_fp_dec.o(.text) refers to _printf_fp_infnan.o(.text) for _printf_fp_infnan
    _printf_fp_dec.o(.text) refers to rt_locale_intlibspace.o(.text) for __rt_locale
    _printf_char_common.o(.text) refers to __printf_wp.o(.text) for __printf
    dretinf.o(x$fpl$dretinf) refers (Special) to usenofp.o(x$fpl$usenofp) for __I$use$fp
    fnaninf.o(x$fpl$fnaninf) refers (Special) to usenofp.o(x$fpl$usenofp) for __I$use$fp
    rtentry2.o(.ARM.Collect$$rtentry$$00000008) refers to boardinit2.o(.text) for _platform_post_stackheap_init
    rtentry2.o(.ARM.Collect$$rtentry$$0000000A) refers to libinit.o(.ARM.Collect$$libinit$$00000000) for __rt_lib_init
    rtentry2.o(.ARM.Collect$$rtentry$$0000000B) refers to boardinit3.o(.text) for _platform_post_lib_init
    rtentry2.o(.ARM.Collect$$rtentry$$0000000D) refers to mpu650.o(.text) for main
    rtentry2.o(.ARM.Collect$$rtentry$$0000000D) refers to exit.o(.text) for exit
    rtentry2.o(.ARM.exidx) refers to rtentry2.o(.ARM.Collect$$rtentry$$00000001) for .ARM.Collect$$rtentry$$00000001
    rtentry2.o(.ARM.exidx) refers to rtentry2.o(.ARM.Collect$$rtentry$$00000008) for .ARM.Collect$$rtentry$$00000008
    rtentry2.o(.ARM.exidx) refers to rtentry2.o(.ARM.Collect$$rtentry$$0000000A) for .ARM.Collect$$rtentry$$0000000A
    rtentry2.o(.ARM.exidx) refers to rtentry2.o(.ARM.Collect$$rtentry$$0000000B) for .ARM.Collect$$rtentry$$0000000B
    rtentry2.o(.ARM.exidx) refers to rtentry2.o(.ARM.Collect$$rtentry$$0000000D) for .ARM.Collect$$rtentry$$0000000D
    rtentry4.o(.ARM.Collect$$rtentry$$00000004) refers to sys_stackheap_outer.o(.text) for __user_setup_stackheap
    rtentry4.o(.ARM.exidx) refers to rtentry4.o(.ARM.Collect$$rtentry$$00000004) for .ARM.Collect$$rtentry$$00000004
    rt_locale.o(.text) refers to rt_locale.o(.bss) for __rt_locale_data
    rt_locale_intlibspace.o(.text) refers to libspace.o(.bss) for __libspace_start
    bigflt0.o(.text) refers (Special) to usenofp.o(x$fpl$usenofp) for __I$use$fp
    bigflt0.o(.text) refers to btod.o(CL$$btod_emul) for _btod_emul
    bigflt0.o(.text) refers to btod.o(CL$$btod_ediv) for _btod_ediv
    bigflt0.o(.text) refers to bigflt0.o(.constdata) for .constdata
    bigflt0.o(.constdata) refers (Special) to usenofp.o(x$fpl$usenofp) for __I$use$fp
    btod.o(CL$$btod_d2e) refers (Special) to usenofp.o(x$fpl$usenofp) for __I$use$fp
    btod.o(CL$$btod_d2e) refers to btod.o(CL$$btod_d2e_norm_op1) for _d2e_norm_op1
    btod.o(CL$$btod_d2e_norm_op1) refers (Special) to usenofp.o(x$fpl$usenofp) for __I$use$fp
    btod.o(CL$$btod_d2e_norm_op1) refers to btod.o(CL$$btod_d2e_denorm_low) for _d2e_denorm_low
    btod.o(CL$$btod_d2e_denorm_low) refers (Special) to usenofp.o(x$fpl$usenofp) for __I$use$fp
    btod.o(CL$$btod_emul) refers (Special) to usenofp.o(x$fpl$usenofp) for __I$use$fp
    btod.o(CL$$btod_emul) refers to btod.o(CL$$btod_mult_common) for __btod_mult_common
    btod.o(CL$$btod_emul) refers to btod.o(CL$$btod_e2e) for _e2e
    btod.o(CL$$btod_ediv) refers (Special) to usenofp.o(x$fpl$usenofp) for __I$use$fp
    btod.o(CL$$btod_ediv) refers to btod.o(CL$$btod_div_common) for __btod_div_common
    btod.o(CL$$btod_ediv) refers to btod.o(CL$$btod_e2e) for _e2e
    btod.o(CL$$btod_emuld) refers (Special) to usenofp.o(x$fpl$usenofp) for __I$use$fp
    btod.o(CL$$btod_emuld) refers to btod.o(CL$$btod_mult_common) for __btod_mult_common
    btod.o(CL$$btod_emuld) refers to btod.o(CL$$btod_e2d) for _e2d
    btod.o(CL$$btod_edivd) refers (Special) to usenofp.o(x$fpl$usenofp) for __I$use$fp
    btod.o(CL$$btod_edivd) refers to btod.o(CL$$btod_div_common) for __btod_div_common
    btod.o(CL$$btod_edivd) refers to btod.o(CL$$btod_e2d) for _e2d
    btod.o(CL$$btod_e2e) refers (Special) to usenofp.o(x$fpl$usenofp) for __I$use$fp
    btod.o(CL$$btod_e2d) refers (Special) to usenofp.o(x$fpl$usenofp) for __I$use$fp
    btod.o(CL$$btod_e2d) refers to btod.o(CL$$btod_e2e) for _e2e
    btod.o(CL$$btod_mult_common) refers (Special) to usenofp.o(x$fpl$usenofp) for __I$use$fp
    btod.o(CL$$btod_div_common) refers (Special) to usenofp.o(x$fpl$usenofp) for __I$use$fp
    lc_numeric_c.o(locale$$data) refers (Special) to libinit2.o(.ARM.Collect$$libinit$$00000014) for __rt_lib_init_lc_numeric_2
    lc_numeric_c.o(locale$$code) refers (Special) to libinit2.o(.ARM.Collect$$libinit$$00000014) for __rt_lib_init_lc_numeric_2
    lc_numeric_c.o(locale$$code) refers to strcmpv7m.o(.text) for strcmp
    lc_numeric_c.o(locale$$code) refers to lc_numeric_c.o(locale$$data) for __lcnum_c_name
    istatus.o(x$fpl$ieeestatus) refers (Special) to usenofp.o(x$fpl$usenofp) for __I$use$fp
    fpclassify.o(i.__ARM_fpclassify) refers (Special) to usenofp.o(x$fpl$usenofp) for __I$use$fp
    libspace.o(.text) refers to libspace.o(.bss) for __libspace_start
    sys_stackheap_outer.o(.text) refers to libspace.o(.text) for __user_perproc_libspace
    sys_stackheap_outer.o(.text) refers to startup_tm4c123.o(.text) for __user_initial_stackheap
    exit.o(.text) refers to rtexit.o(.ARM.Collect$$rtexit$$00000000) for __rt_exit
    libinit.o(.ARM.Collect$$libinit$$00000000) refers (Special) to libinit2.o(.ARM.Collect$$libinit$$0000002C) for __rt_lib_init_alloca_1
    libinit.o(.ARM.Collect$$libinit$$00000000) refers (Special) to libinit2.o(.ARM.Collect$$libinit$$0000002A) for __rt_lib_init_argv_1
    libinit.o(.ARM.Collect$$libinit$$00000000) refers (Special) to libinit2.o(.ARM.Collect$$libinit$$00000019) for __rt_lib_init_atexit_1
    libinit.o(.ARM.Collect$$libinit$$00000000) refers (Special) to libinit2.o(.ARM.Collect$$libinit$$0000001F) for __rt_lib_init_clock_1
    libinit.o(.ARM.Collect$$libinit$$00000000) refers (Special) to libinit2.o(.ARM.Collect$$libinit$$00000030) for __rt_lib_init_cpp_1
    libinit.o(.ARM.Collect$$libinit$$00000000) refers (Special) to libinit2.o(.ARM.Collect$$libinit$$0000002E) for __rt_lib_init_exceptions_1
    libinit.o(.ARM.Collect$$libinit$$00000000) refers (Special) to libinit2.o(.ARM.Collect$$libinit$$00000001) for __rt_lib_init_fp_1
    libinit.o(.ARM.Collect$$libinit$$00000000) refers (Special) to libinit2.o(.ARM.Collect$$libinit$$0000001D) for __rt_lib_init_fp_trap_1
    libinit.o(.ARM.Collect$$libinit$$00000000) refers (Special) to libinit2.o(.ARM.Collect$$libinit$$00000021) for __rt_lib_init_getenv_1
    libinit.o(.ARM.Collect$$libinit$$00000000) refers (Special) to libinit2.o(.ARM.Collect$$libinit$$00000008) for __rt_lib_init_heap_1
    libinit.o(.ARM.Collect$$libinit$$00000000) refers (Special) to libinit2.o(.ARM.Collect$$libinit$$0000000F) for __rt_lib_init_lc_collate_1
    libinit.o(.ARM.Collect$$libinit$$00000000) refers (Special) to libinit2.o(.ARM.Collect$$libinit$$00000011) for __rt_lib_init_lc_ctype_1
    libinit.o(.ARM.Collect$$libinit$$00000000) refers (Special) to libinit2.o(.ARM.Collect$$libinit$$00000013) for __rt_lib_init_lc_monetary_1
    libinit.o(.ARM.Collect$$libinit$$00000000) refers (Special) to libinit2.o(.ARM.Collect$$libinit$$00000015) for __rt_lib_init_lc_numeric_1
    libinit.o(.ARM.Collect$$libinit$$00000000) refers (Special) to libinit2.o(.ARM.Collect$$libinit$$00000017) for __rt_lib_init_lc_time_1
    libinit.o(.ARM.Collect$$libinit$$00000000) refers (Special) to libinit2.o(.ARM.Collect$$libinit$$0000000C) for __rt_lib_init_rand_1
    libinit.o(.ARM.Collect$$libinit$$00000000) refers (Special) to libinit2.o(.ARM.Collect$$libinit$$00000031) for __rt_lib_init_return
    libinit.o(.ARM.Collect$$libinit$$00000000) refers (Special) to libinit2.o(.ARM.Collect$$libinit$$0000001B) for __rt_lib_init_signal_1
    libinit.o(.ARM.Collect$$libinit$$00000000) refers (Special) to libinit2.o(.ARM.Collect$$libinit$$00000023) for __rt_lib_init_stdio_1
    libinit.o(.ARM.Collect$$libinit$$00000000) refers (Special) to libinit2.o(.ARM.Collect$$libinit$$0000000A) for __rt_lib_init_user_alloc_1
    libinit2.o(.ARM.Collect$$libinit$$00000001) refers to fpinit.o(x$fpl$fpinit) for _fp_init
    libinit2.o(.ARM.Collect$$libinit$$0000000D) refers (Weak) to rt_locale_intlibspace.o(.text) for __rt_locale
    libinit2.o(.ARM.Collect$$libinit$$0000000E) refers to libinit2.o(.ARM.Collect$$libinit$$0000000D) for .ARM.Collect$$libinit$$0000000D
    libinit2.o(.ARM.Collect$$libinit$$00000010) refers to libinit2.o(.ARM.Collect$$libinit$$0000000D) for .ARM.Collect$$libinit$$0000000D
    libinit2.o(.ARM.Collect$$libinit$$00000012) refers to libinit2.o(.ARM.Collect$$libinit$$0000000D) for .ARM.Collect$$libinit$$0000000D
    libinit2.o(.ARM.Collect$$libinit$$00000014) refers to libinit2.o(.ARM.Collect$$libinit$$0000000D) for .ARM.Collect$$libinit$$0000000D
    libinit2.o(.ARM.Collect$$libinit$$00000014) refers (Weak) to lc_numeric_c.o(locale$$code) for _get_lc_numeric
    libinit2.o(.ARM.Collect$$libinit$$00000016) refers to libinit2.o(.ARM.Collect$$libinit$$0000000D) for .ARM.Collect$$libinit$$0000000D
    libinit2.o(.ARM.Collect$$libinit$$00000024) refers to argv_veneer.o(.emb_text) for __ARM_argv_veneer
    libinit2.o(.ARM.Collect$$libinit$$00000025) refers to argv_veneer.o(.emb_text) for __ARM_argv_veneer
    rtexit.o(.ARM.Collect$$rtexit$$00000000) refers (Special) to rtexit2.o(.ARM.Collect$$rtexit$$00000004) for __rt_exit_exit
    rtexit.o(.ARM.Collect$$rtexit$$00000000) refers (Special) to rtexit2.o(.ARM.Collect$$rtexit$$00000003) for __rt_exit_ls
    rtexit.o(.ARM.Collect$$rtexit$$00000000) refers (Special) to rtexit2.o(.ARM.Collect$$rtexit$$00000002) for __rt_exit_prels_1
    rtexit.o(.ARM.exidx) refers (Special) to rtexit2.o(.ARM.Collect$$rtexit$$00000004) for __rt_exit_exit
    rtexit.o(.ARM.exidx) refers (Special) to rtexit2.o(.ARM.Collect$$rtexit$$00000003) for __rt_exit_ls
    rtexit.o(.ARM.exidx) refers (Special) to rtexit2.o(.ARM.Collect$$rtexit$$00000002) for __rt_exit_prels_1
    rtexit.o(.ARM.exidx) refers to rtexit.o(.ARM.Collect$$rtexit$$00000000) for .ARM.Collect$$rtexit$$00000000
    argv_veneer.o(.emb_text) refers to no_argv.o(.text) for __ARM_get_argv
    rtexit2.o(.ARM.Collect$$rtexit$$00000003) refers to libshutdown.o(.ARM.Collect$$libshutdown$$00000000) for __rt_lib_shutdown
    rtexit2.o(.ARM.Collect$$rtexit$$00000004) refers to sys_exit.o(.text) for _sys_exit
    rtexit2.o(.ARM.exidx) refers to rtexit2.o(.ARM.Collect$$rtexit$$00000001) for .ARM.Collect$$rtexit$$00000001
    rtexit2.o(.ARM.exidx) refers to rtexit2.o(.ARM.Collect$$rtexit$$00000003) for .ARM.Collect$$rtexit$$00000003
    rtexit2.o(.ARM.exidx) refers to rtexit2.o(.ARM.Collect$$rtexit$$00000004) for .ARM.Collect$$rtexit$$00000004
    _get_argv_nomalloc.o(.text) refers (Special) to hrguard.o(.text) for __heap_region$guard
    _get_argv_nomalloc.o(.text) refers to defsig_rtmem_outer.o(.text) for __rt_SIGRTMEM
    _get_argv_nomalloc.o(.text) refers to sys_command.o(.text) for _sys_command_string
    sys_command.o(.text) refers (Special) to use_no_semi.o(.text) for __I$use$semihosting
    sys_command.o(.text) refers (Special) to indicate_semi.o(.text) for __semihosting_library_function
    sys_exit.o(.text) refers (Special) to use_no_semi.o(.text) for __I$use$semihosting
    sys_exit.o(.text) refers (Special) to indicate_semi.o(.text) for __semihosting_library_function
    defsig_rtmem_outer.o(.text) refers to defsig_rtmem_inner.o(.text) for __rt_SIGRTMEM_inner
    defsig_rtmem_outer.o(.text) refers to defsig_exit.o(.text) for __sig_exit
    defsig_rtmem_formal.o(.text) refers to rt_raise.o(.text) for __rt_raise
    libshutdown.o(.ARM.Collect$$libshutdown$$00000000) refers (Special) to libshutdown2.o(.ARM.Collect$$libshutdown$$00000006) for __rt_lib_shutdown_fp_trap_1
    libshutdown.o(.ARM.Collect$$libshutdown$$00000000) refers (Special) to libshutdown2.o(.ARM.Collect$$libshutdown$$0000000E) for __rt_lib_shutdown_heap_1
    libshutdown.o(.ARM.Collect$$libshutdown$$00000000) refers (Special) to libshutdown2.o(.ARM.Collect$$libshutdown$$0000000F) for __rt_lib_shutdown_return
    libshutdown.o(.ARM.Collect$$libshutdown$$00000000) refers (Special) to libshutdown2.o(.ARM.Collect$$libshutdown$$00000009) for __rt_lib_shutdown_signal_1
    libshutdown.o(.ARM.Collect$$libshutdown$$00000000) refers (Special) to libshutdown2.o(.ARM.Collect$$libshutdown$$00000003) for __rt_lib_shutdown_stdio_1
    libshutdown.o(.ARM.Collect$$libshutdown$$00000000) refers (Special) to libshutdown2.o(.ARM.Collect$$libshutdown$$0000000B) for __rt_lib_shutdown_user_alloc_1
    rt_raise.o(.text) refers to __raise.o(.text) for __raise
    rt_raise.o(.text) refers to sys_exit.o(.text) for _sys_exit
    defsig_exit.o(.text) refers to sys_exit.o(.text) for _sys_exit
    defsig_rtmem_inner.o(.text) refers to defsig_general.o(.text) for __default_signal_display
    __raise.o(.text) refers to defsig.o(CL$$defsig) for __default_signal_handler
    defsig_general.o(.text) refers to sys_wrch.o(.text) for _ttywrch
    sys_wrch.o(.text) refers (Special) to use_no_semi.o(.text) for __I$use$semihosting
    sys_wrch.o(.text) refers (Special) to indicate_semi.o(.text) for __semihosting_library_function
    defsig.o(CL$$defsig) refers to defsig_rtmem_inner.o(.text) for __rt_SIGRTMEM_inner
    defsig_abrt_inner.o(.text) refers to defsig_general.o(.text) for __default_signal_display
    defsig_fpe_inner.o(.text) refers to defsig_general.o(.text) for __default_signal_display
    defsig_rtred_inner.o(.text) refers to defsig_general.o(.text) for __default_signal_display
    defsig_stak_inner.o(.text) refers to defsig_general.o(.text) for __default_signal_display
    defsig_pvfn_inner.o(.text) refers to defsig_general.o(.text) for __default_signal_display
    defsig_cppl_inner.o(.text) refers to defsig_general.o(.text) for __default_signal_display
    defsig_segv_inner.o(.text) refers to defsig_general.o(.text) for __default_signal_display
    defsig_other.o(.text) refers to defsig_general.o(.text) for __default_signal_display


==============================================================================

Removing Unused input sections from the image.

    Removing mpu650.o(.rev16_text), (4 bytes).
    Removing mpu650.o(.revsh_text), (4 bytes).

2 unused section(s) (total 8 bytes) removed from the image.

==============================================================================

Image Symbol Table

    Local Symbols

    Symbol Name                              Value     Ov Type        Size  Object(Section)

    RESET                                    0x00000000   Section      620  startup_tm4c123.o(RESET)
    ../clib/angel/boardlib.s                 0x00000000   Number         0  boardinit3.o ABSOLUTE
    ../clib/angel/boardlib.s                 0x00000000   Number         0  boardinit2.o ABSOLUTE
    ../clib/angel/boardlib.s                 0x00000000   Number         0  boardinit1.o ABSOLUTE
    ../clib/angel/boardlib.s                 0x00000000   Number         0  boardshut.o ABSOLUTE
    ../clib/angel/handlers.s                 0x00000000   Number         0  __scatter_zi.o ABSOLUTE
    ../clib/angel/kernel.s                   0x00000000   Number         0  rtexit.o ABSOLUTE
    ../clib/angel/kernel.s                   0x00000000   Number         0  rtentry4.o ABSOLUTE
    ../clib/angel/kernel.s                   0x00000000   Number         0  rtentry.o ABSOLUTE
    ../clib/angel/kernel.s                   0x00000000   Number         0  rtentry2.o ABSOLUTE
    ../clib/angel/kernel.s                   0x00000000   Number         0  rtexit2.o ABSOLUTE
    ../clib/angel/rt.s                       0x00000000   Number         0  rt_raise.o ABSOLUTE
    ../clib/angel/rt.s                       0x00000000   Number         0  rt_locale_intlibspace.o ABSOLUTE
    ../clib/angel/rt.s                       0x00000000   Number         0  rt_locale.o ABSOLUTE
    ../clib/angel/scatter.s                  0x00000000   Number         0  __scatter.o ABSOLUTE
    ../clib/angel/startup.s                  0x00000000   Number         0  __main.o ABSOLUTE
    ../clib/angel/sys.s                      0x00000000   Number         0  indicate_semi.o ABSOLUTE
    ../clib/angel/sys.s                      0x00000000   Number         0  sys_stackheap_outer.o ABSOLUTE
    ../clib/angel/sys.s                      0x00000000   Number         0  libspace.o ABSOLUTE
    ../clib/angel/sys.s                      0x00000000   Number         0  use_no_semi.o ABSOLUTE
    ../clib/angel/sysapp.c                   0x00000000   Number         0  sys_exit.o ABSOLUTE
    ../clib/angel/sysapp.c                   0x00000000   Number         0  sys_command.o ABSOLUTE
    ../clib/angel/sysapp.c                   0x00000000   Number         0  sys_wrch.o ABSOLUTE
    ../clib/armsys.c                         0x00000000   Number         0  no_argv.o ABSOLUTE
    ../clib/armsys.c                         0x00000000   Number         0  _get_argv_nomalloc.o ABSOLUTE
    ../clib/armsys.c                         0x00000000   Number         0  argv_veneer.o ABSOLUTE
    ../clib/armsys.c                         0x00000000   Number         0  argv_veneer.o ABSOLUTE
    ../clib/bigflt.c                         0x00000000   Number         0  bigflt0.o ABSOLUTE
    ../clib/btod.s                           0x00000000   Number         0  btod.o ABSOLUTE
    ../clib/heapalloc.c                      0x00000000   Number         0  hrguard.o ABSOLUTE
    ../clib/heapaux.c                        0x00000000   Number         0  heapauxi.o ABSOLUTE
    ../clib/libinit.s                        0x00000000   Number         0  libshutdown2.o ABSOLUTE
    ../clib/libinit.s                        0x00000000   Number         0  libinit.o ABSOLUTE
    ../clib/libinit.s                        0x00000000   Number         0  libinit2.o ABSOLUTE
    ../clib/libinit.s                        0x00000000   Number         0  libshutdown.o ABSOLUTE
    ../clib/locale.s                         0x00000000   Number         0  lc_numeric_c.o ABSOLUTE
    ../clib/longlong.s                       0x00000000   Number         0  lludiv10.o ABSOLUTE
    ../clib/memcpset.s                       0x00000000   Number         0  strcmpv7m.o ABSOLUTE
    ../clib/misc.s                           0x00000000   Number         0  printf_stubs.o ABSOLUTE
    ../clib/printf.c                         0x00000000   Number         0  __printf_flags_wp.o ABSOLUTE
    ../clib/printf.c                         0x00000000   Number         0  __printf_ss_wp.o ABSOLUTE
    ../clib/printf.c                         0x00000000   Number         0  __printf_flags_ss_wp.o ABSOLUTE
    ../clib/printf.c                         0x00000000   Number         0  __printf_ss.o ABSOLUTE
    ../clib/printf.c                         0x00000000   Number         0  _printf_fp_dec.o ABSOLUTE
    ../clib/printf.c                         0x00000000   Number         0  _sputc.o ABSOLUTE
    ../clib/printf.c                         0x00000000   Number         0  _printf_char_common.o ABSOLUTE
    ../clib/printf.c                         0x00000000   Number         0  __2sprintf.o ABSOLUTE
    ../clib/printf.c                         0x00000000   Number         0  _printf_fp_infnan.o ABSOLUTE
    ../clib/printf.c                         0x00000000   Number         0  noretval__2sprintf.o ABSOLUTE
    ../clib/printf.c                         0x00000000   Number         0  __printf_nopercent.o ABSOLUTE
    ../clib/printf.c                         0x00000000   Number         0  __printf.o ABSOLUTE
    ../clib/printf.c                         0x00000000   Number         0  __printf_flags.o ABSOLUTE
    ../clib/printf.c                         0x00000000   Number         0  __printf_flags_ss.o ABSOLUTE
    ../clib/printf.c                         0x00000000   Number         0  __printf_wp.o ABSOLUTE
    ../clib/printf_percent.s                 0x00000000   Number         0  _printf_percent.o ABSOLUTE
    ../clib/printf_percent.s                 0x00000000   Number         0  _printf_f.o ABSOLUTE
    ../clib/printf_percent.s                 0x00000000   Number         0  _printf_percent_end.o ABSOLUTE
    ../clib/signal.c                         0x00000000   Number         0  defsig_cppl_inner.o ABSOLUTE
    ../clib/signal.c                         0x00000000   Number         0  defsig_rtmem_inner.o ABSOLUTE
    ../clib/signal.c                         0x00000000   Number         0  defsig_segv_inner.o ABSOLUTE
    ../clib/signal.c                         0x00000000   Number         0  defsig_other.o ABSOLUTE
    ../clib/signal.c                         0x00000000   Number         0  defsig_rtmem_formal.o ABSOLUTE
    ../clib/signal.c                         0x00000000   Number         0  defsig_rtmem_outer.o ABSOLUTE
    ../clib/signal.c                         0x00000000   Number         0  defsig_exit.o ABSOLUTE
    ../clib/signal.c                         0x00000000   Number         0  defsig_stak_inner.o ABSOLUTE
    ../clib/signal.c                         0x00000000   Number         0  defsig_pvfn_inner.o ABSOLUTE
    ../clib/signal.c                         0x00000000   Number         0  defsig_fpe_inner.o ABSOLUTE
    ../clib/signal.c                         0x00000000   Number         0  defsig_abrt_inner.o ABSOLUTE
    ../clib/signal.c                         0x00000000   Number         0  defsig_general.o ABSOLUTE
    ../clib/signal.c                         0x00000000   Number         0  defsig_rtred_inner.o ABSOLUTE
    ../clib/signal.c                         0x00000000   Number         0  __raise.o ABSOLUTE
    ../clib/signal.s                         0x00000000   Number         0  defsig.o ABSOLUTE
    ../clib/stdlib.c                         0x00000000   Number         0  exit.o ABSOLUTE
    ../fplib/dretinf.s                       0x00000000   Number         0  dretinf.o ABSOLUTE
    ../fplib/f2d.s                           0x00000000   Number         0  f2d.o ABSOLUTE
    ../fplib/fnaninf.s                       0x00000000   Number         0  fnaninf.o ABSOLUTE
    ../fplib/fpinit.s                        0x00000000   Number         0  fpinit.o ABSOLUTE
    ../fplib/istatus.s                       0x00000000   Number         0  istatus.o ABSOLUTE
    ../fplib/printf1.s                       0x00000000   Number         0  printf1.o ABSOLUTE
    ../fplib/usenofp.s                       0x00000000   Number         0  usenofp.o ABSOLUTE
    ../mathlib/fpclassify.c                  0x00000000   Number         0  fpclassify.o ABSOLUTE
    MPU650.c                                 0x00000000   Number         0  mpu650.o ABSOLUTE
    MPU650.c                                 0x00000000   Number         0  mpu650.o ABSOLUTE
    dc.s                                     0x00000000   Number         0  dc.o ABSOLUTE
    startup_TM4C123.s                        0x00000000   Number         0  startup_tm4c123.o ABSOLUTE
    !!!main                                  0x0000026c   Section        8  __main.o(!!!main)
    !!!scatter                               0x00000274   Section       52  __scatter.o(!!!scatter)
    !!handler_zi                             0x000002a8   Section       28  __scatter_zi.o(!!handler_zi)
    .ARM.Collect$$_printf_percent$$00000000  0x000002c4   Section        0  _printf_percent.o(.ARM.Collect$$_printf_percent$$00000000)
    .ARM.Collect$$_printf_percent$$00000003  0x000002c4   Section        6  _printf_f.o(.ARM.Collect$$_printf_percent$$00000003)
    .ARM.Collect$$_printf_percent$$00000017  0x000002ca   Section        4  _printf_percent_end.o(.ARM.Collect$$_printf_percent$$00000017)
    .ARM.Collect$$libinit$$00000000          0x000002ce   Section        2  libinit.o(.ARM.Collect$$libinit$$00000000)
    .ARM.Collect$$libinit$$00000001          0x000002d0   Section        4  libinit2.o(.ARM.Collect$$libinit$$00000001)
    .ARM.Collect$$libinit$$00000008          0x000002d4   Section        0  libinit2.o(.ARM.Collect$$libinit$$00000008)
    .ARM.Collect$$libinit$$0000000A          0x000002d4   Section        0  libinit2.o(.ARM.Collect$$libinit$$0000000A)
    .ARM.Collect$$libinit$$0000000C          0x000002d4   Section        0  libinit2.o(.ARM.Collect$$libinit$$0000000C)
    .ARM.Collect$$libinit$$0000000D          0x000002d4   Section        6  libinit2.o(.ARM.Collect$$libinit$$0000000D)
    .ARM.Collect$$libinit$$0000000F          0x000002da   Section        0  libinit2.o(.ARM.Collect$$libinit$$0000000F)
    .ARM.Collect$$libinit$$00000011          0x000002da   Section        0  libinit2.o(.ARM.Collect$$libinit$$00000011)
    .ARM.Collect$$libinit$$00000013          0x000002da   Section        0  libinit2.o(.ARM.Collect$$libinit$$00000013)
    .ARM.Collect$$libinit$$00000014          0x000002da   Section       10  libinit2.o(.ARM.Collect$$libinit$$00000014)
    .ARM.Collect$$libinit$$00000015          0x000002e4   Section        0  libinit2.o(.ARM.Collect$$libinit$$00000015)
    .ARM.Collect$$libinit$$00000017          0x000002e4   Section        0  libinit2.o(.ARM.Collect$$libinit$$00000017)
    .ARM.Collect$$libinit$$00000019          0x000002e4   Section        0  libinit2.o(.ARM.Collect$$libinit$$00000019)
    .ARM.Collect$$libinit$$0000001B          0x000002e4   Section        0  libinit2.o(.ARM.Collect$$libinit$$0000001B)
    .ARM.Collect$$libinit$$0000001D          0x000002e4   Section        0  libinit2.o(.ARM.Collect$$libinit$$0000001D)
    .ARM.Collect$$libinit$$0000001F          0x000002e4   Section        0  libinit2.o(.ARM.Collect$$libinit$$0000001F)
    .ARM.Collect$$libinit$$00000021          0x000002e4   Section        0  libinit2.o(.ARM.Collect$$libinit$$00000021)
    .ARM.Collect$$libinit$$00000023          0x000002e4   Section        0  libinit2.o(.ARM.Collect$$libinit$$00000023)
    .ARM.Collect$$libinit$$0000002A          0x000002e4   Section        0  libinit2.o(.ARM.Collect$$libinit$$0000002A)
    .ARM.Collect$$libinit$$0000002C          0x000002e4   Section        0  libinit2.o(.ARM.Collect$$libinit$$0000002C)
    .ARM.Collect$$libinit$$0000002E          0x000002e4   Section        0  libinit2.o(.ARM.Collect$$libinit$$0000002E)
    .ARM.Collect$$libinit$$00000030          0x000002e4   Section        0  libinit2.o(.ARM.Collect$$libinit$$00000030)
    .ARM.Collect$$libinit$$00000031          0x000002e4   Section        2  libinit2.o(.ARM.Collect$$libinit$$00000031)
    .ARM.Collect$$libshutdown$$00000000      0x000002e6   Section        2  libshutdown.o(.ARM.Collect$$libshutdown$$00000000)
    .ARM.Collect$$libshutdown$$00000003      0x000002e8   Section        0  libshutdown2.o(.ARM.Collect$$libshutdown$$00000003)
    .ARM.Collect$$libshutdown$$00000006      0x000002e8   Section        0  libshutdown2.o(.ARM.Collect$$libshutdown$$00000006)
    .ARM.Collect$$libshutdown$$00000009      0x000002e8   Section        0  libshutdown2.o(.ARM.Collect$$libshutdown$$00000009)
    .ARM.Collect$$libshutdown$$0000000B      0x000002e8   Section        0  libshutdown2.o(.ARM.Collect$$libshutdown$$0000000B)
    .ARM.Collect$$libshutdown$$0000000E      0x000002e8   Section        0  libshutdown2.o(.ARM.Collect$$libshutdown$$0000000E)
    .ARM.Collect$$libshutdown$$0000000F      0x000002e8   Section        2  libshutdown2.o(.ARM.Collect$$libshutdown$$0000000F)
    .ARM.Collect$$rtentry$$00000000          0x000002ea   Section        0  rtentry.o(.ARM.Collect$$rtentry$$00000000)
    .ARM.Collect$$rtentry$$00000002          0x000002ea   Section        0  rtentry2.o(.ARM.Collect$$rtentry$$00000002)
    .ARM.Collect$$rtentry$$00000004          0x000002ea   Section        6  rtentry4.o(.ARM.Collect$$rtentry$$00000004)
    .ARM.Collect$$rtentry$$00000009          0x000002f0   Section        0  rtentry2.o(.ARM.Collect$$rtentry$$00000009)
    .ARM.Collect$$rtentry$$0000000A          0x000002f0   Section        4  rtentry2.o(.ARM.Collect$$rtentry$$0000000A)
    .ARM.Collect$$rtentry$$0000000C          0x000002f4   Section        0  rtentry2.o(.ARM.Collect$$rtentry$$0000000C)
    .ARM.Collect$$rtentry$$0000000D          0x000002f4   Section        8  rtentry2.o(.ARM.Collect$$rtentry$$0000000D)
    .ARM.Collect$$rtexit$$00000000           0x000002fc   Section        2  rtexit.o(.ARM.Collect$$rtexit$$00000000)
    .ARM.Collect$$rtexit$$00000002           0x000002fe   Section        0  rtexit2.o(.ARM.Collect$$rtexit$$00000002)
    .ARM.Collect$$rtexit$$00000003           0x000002fe   Section        4  rtexit2.o(.ARM.Collect$$rtexit$$00000003)
    .ARM.Collect$$rtexit$$00000004           0x00000302   Section        6  rtexit2.o(.ARM.Collect$$rtexit$$00000004)
    .text                                    0x00000308   Section      276  startup_tm4c123.o(.text)
    $v0                                      0x00000308   Number         0  startup_tm4c123.o(.text)
    .text                                    0x0000041c   Section        0  mpu650.o(.text)
    I2C_wait_till_done                       0x0000042b   Thumb Code    22  mpu650.o(.text)
    .text                                    0x0000092c   Section        0  noretval__2sprintf.o(.text)
    .text                                    0x00000954   Section        0  __printf_wp.o(.text)
    .text                                    0x00000a62   Section        0  heapauxi.o(.text)
    .text                                    0x00000a68   Section        0  _printf_fp_dec.o(.text)
    _fp_digits                               0x00000a6b   Thumb Code   426  _printf_fp_dec.o(.text)
    .text                                    0x00000e88   Section        0  _printf_char_common.o(.text)
    _printf_input_char                       0x00000e89   Thumb Code    10  _printf_char_common.o(.text)
    .text                                    0x00000eb8   Section        0  _sputc.o(.text)
    .text                                    0x00000ec4   Section        8  rt_locale_intlibspace.o(.text)
    .text                                    0x00000ecc   Section      138  lludiv10.o(.text)
    .text                                    0x00000f58   Section        0  _printf_fp_infnan.o(.text)
    .text                                    0x00000fd8   Section        0  bigflt0.o(.text)
    .text                                    0x000010bc   Section        8  libspace.o(.text)
    .text                                    0x000010c4   Section       74  sys_stackheap_outer.o(.text)
    .text                                    0x0000110e   Section        0  exit.o(.text)
    .text                                    0x0000111c   Section      128  strcmpv7m.o(.text)
    .text                                    0x0000119c   Section        0  sys_exit.o(.text)
    .text                                    0x000011a8   Section        2  use_no_semi.o(.text)
    .text                                    0x000011aa   Section        0  indicate_semi.o(.text)
    CL$$btod_d2e                             0x000011aa   Section       62  btod.o(CL$$btod_d2e)
    CL$$btod_d2e_denorm_low                  0x000011e8   Section       70  btod.o(CL$$btod_d2e_denorm_low)
    CL$$btod_d2e_norm_op1                    0x0000122e   Section       96  btod.o(CL$$btod_d2e_norm_op1)
    CL$$btod_div_common                      0x0000128e   Section      824  btod.o(CL$$btod_div_common)
    CL$$btod_e2e                             0x000015c6   Section      198  btod.o(CL$$btod_e2e)
    CL$$btod_ediv                            0x0000168c   Section       40  btod.o(CL$$btod_ediv)
    CL$$btod_emul                            0x000016b4   Section       40  btod.o(CL$$btod_emul)
    CL$$btod_mult_common                     0x000016dc   Section      580  btod.o(CL$$btod_mult_common)
    i.__ARM_fpclassify                       0x00001920   Section        0  fpclassify.o(i.__ARM_fpclassify)
    i._is_digit                              0x00001950   Section        0  __printf_wp.o(i._is_digit)
    locale$$code                             0x00001960   Section       44  lc_numeric_c.o(locale$$code)
    x$fpl$dretinf                            0x0000198c   Section       12  dretinf.o(x$fpl$dretinf)
    $v0                                      0x0000198c   Number         0  dretinf.o(x$fpl$dretinf)
    x$fpl$f2d                                0x00001998   Section       86  f2d.o(x$fpl$f2d)
    $v0                                      0x00001998   Number         0  f2d.o(x$fpl$f2d)
    x$fpl$fnaninf                            0x000019ee   Section      140  fnaninf.o(x$fpl$fnaninf)
    $v0                                      0x000019ee   Number         0  fnaninf.o(x$fpl$fnaninf)
    x$fpl$fpinit                             0x00001a7a   Section       10  fpinit.o(x$fpl$fpinit)
    $v0                                      0x00001a7a   Number         0  fpinit.o(x$fpl$fpinit)
    x$fpl$printf1                            0x00001a84   Section        4  printf1.o(x$fpl$printf1)
    $v0                                      0x00001a84   Number         0  printf1.o(x$fpl$printf1)
    .constdata                               0x00001a88   Section      148  bigflt0.o(.constdata)
    x$fpl$usenofp                            0x00001a88   Section        0  usenofp.o(x$fpl$usenofp)
    tenpwrs_x                                0x00001a88   Data          60  bigflt0.o(.constdata)
    tenpwrs_i                                0x00001ac4   Data          64  bigflt0.o(.constdata)
    locale$$data                             0x00001b2c   Section       28  lc_numeric_c.o(locale$$data)
    __lcnum_c_name                           0x00001b30   Data           2  lc_numeric_c.o(locale$$data)
    __lcnum_c_start                          0x00001b38   Data           0  lc_numeric_c.o(locale$$data)
    __lcnum_c_point                          0x00001b44   Data           0  lc_numeric_c.o(locale$$data)
    __lcnum_c_thousands                      0x00001b46   Data           0  lc_numeric_c.o(locale$$data)
    __lcnum_c_grouping                       0x00001b47   Data           0  lc_numeric_c.o(locale$$data)
    __lcnum_c_end                            0x00001b48   Data           0  lc_numeric_c.o(locale$$data)
    .bss                                     0x20000000   Section       20  mpu650.o(.bss)
    .bss                                     0x20000014   Section       96  libspace.o(.bss)
    HEAP                                     0x20000078   Section        0  startup_tm4c123.o(HEAP)
    STACK                                    0x20000078   Section      512  startup_tm4c123.o(STACK)
    Heap_Mem                                 0x20000078   Data           0  startup_tm4c123.o(HEAP)
    Stack_Mem                                0x20000078   Data         512  startup_tm4c123.o(STACK)
    __initial_sp                             0x20000278   Data           0  startup_tm4c123.o(STACK)

    Global Symbols

    Symbol Name                              Value     Ov Type        Size  Object(Section)

    BuildAttributes$$THM_ISAv4$E$P$D$K$B$S$7EM$VFPi3$EXTD16$VFPS$VFMA$PE$A:L22UL41UL21$X:L11$S22US41US21$IEEE1$IW$USESV6$~STKCKD$USESV7$~SHL$OTIME$ROPI$IEEEJ$EBA8$UX$STANDARDLIB$REQ8$PRES8$EABIv2 0x00000000   Number         0  anon$$obj.o ABSOLUTE
    __ARM_use_no_argv                        0x00000000   Number         0  mpu650.o ABSOLUTE
    __Vectors                                0x00000000   Data           4  startup_tm4c123.o(RESET)
    _printf_flags                            0x00000000   Number         0  printf_stubs.o ABSOLUTE
    _printf_return_value                     0x00000000   Number         0  printf_stubs.o ABSOLUTE
    _printf_sizespec                         0x00000000   Number         0  printf_stubs.o ABSOLUTE
    _printf_widthprec                        0x00000000   Number         0  printf_stubs.o ABSOLUTE
    __ARM_exceptions_init                     - Undefined Weak Reference
    __alloca_initialize                       - Undefined Weak Reference
    __cpp_initialize__aeabi_                  - Undefined Weak Reference
    __cxa_finalize                            - Undefined Weak Reference
    __sigvec_lookup                           - Undefined Weak Reference
    _atexit_init                              - Undefined Weak Reference
    _call_atexit_fns                          - Undefined Weak Reference
    _clock_init                               - Undefined Weak Reference
    _fp_trap_init                             - Undefined Weak Reference
    _fp_trap_shutdown                         - Undefined Weak Reference
    _get_lc_collate                           - Undefined Weak Reference
    _get_lc_ctype                             - Undefined Weak Reference
    _get_lc_monetary                          - Undefined Weak Reference
    _get_lc_time                              - Undefined Weak Reference
    _getenv_init                              - Undefined Weak Reference
    _handle_redirection                       - Undefined Weak Reference
    _init_alloc                               - Undefined Weak Reference
    _init_user_alloc                          - Undefined Weak Reference
    _initio                                   - Undefined Weak Reference
    _printf_post_padding                      - Undefined Weak Reference
    _printf_pre_padding                       - Undefined Weak Reference
    _rand_init                                - Undefined Weak Reference
    _signal_finish                            - Undefined Weak Reference
    _signal_init                              - Undefined Weak Reference
    _terminate_alloc                          - Undefined Weak Reference
    _terminate_user_alloc                     - Undefined Weak Reference
    _terminateio                              - Undefined Weak Reference
    __Vectors_End                            0x0000026c   Data           0  startup_tm4c123.o(RESET)
    __Vectors_Size                           0x0000026c   Number         0  startup_tm4c123.o ABSOLUTE
    __main                                   0x0000026d   Thumb Code     8  __main.o(!!!main)
    __scatterload                            0x00000275   Thumb Code     0  __scatter.o(!!!scatter)
    __scatterload_rt2                        0x00000275   Thumb Code    44  __scatter.o(!!!scatter)
    __scatterload_rt2_thumb_only             0x00000275   Thumb Code     0  __scatter.o(!!!scatter)
    __scatterload_null                       0x00000283   Thumb Code     0  __scatter.o(!!!scatter)
    __scatterload_zeroinit                   0x000002a9   Thumb Code    28  __scatter_zi.o(!!handler_zi)
    _printf_f                                0x000002c5   Thumb Code     0  _printf_f.o(.ARM.Collect$$_printf_percent$$00000003)
    _printf_percent                          0x000002c5   Thumb Code     0  _printf_percent.o(.ARM.Collect$$_printf_percent$$00000000)
    _printf_percent_end                      0x000002cb   Thumb Code     0  _printf_percent_end.o(.ARM.Collect$$_printf_percent$$00000017)
    __rt_lib_init                            0x000002cf   Thumb Code     0  libinit.o(.ARM.Collect$$libinit$$00000000)
    __rt_lib_init_fp_1                       0x000002d1   Thumb Code     0  libinit2.o(.ARM.Collect$$libinit$$00000001)
    __rt_lib_init_heap_1                     0x000002d5   Thumb Code     0  libinit2.o(.ARM.Collect$$libinit$$00000008)
    __rt_lib_init_lc_common                  0x000002d5   Thumb Code     0  libinit2.o(.ARM.Collect$$libinit$$0000000D)
    __rt_lib_init_rand_1                     0x000002d5   Thumb Code     0  libinit2.o(.ARM.Collect$$libinit$$0000000C)
    __rt_lib_init_user_alloc_1               0x000002d5   Thumb Code     0  libinit2.o(.ARM.Collect$$libinit$$0000000A)
    __rt_lib_init_lc_collate_1               0x000002db   Thumb Code     0  libinit2.o(.ARM.Collect$$libinit$$0000000F)
    __rt_lib_init_lc_ctype_1                 0x000002db   Thumb Code     0  libinit2.o(.ARM.Collect$$libinit$$00000011)
    __rt_lib_init_lc_monetary_1              0x000002db   Thumb Code     0  libinit2.o(.ARM.Collect$$libinit$$00000013)
    __rt_lib_init_lc_numeric_2               0x000002db   Thumb Code     0  libinit2.o(.ARM.Collect$$libinit$$00000014)
    __rt_lib_init_alloca_1                   0x000002e5   Thumb Code     0  libinit2.o(.ARM.Collect$$libinit$$0000002C)
    __rt_lib_init_argv_1                     0x000002e5   Thumb Code     0  libinit2.o(.ARM.Collect$$libinit$$0000002A)
    __rt_lib_init_atexit_1                   0x000002e5   Thumb Code     0  libinit2.o(.ARM.Collect$$libinit$$00000019)
    __rt_lib_init_clock_1                    0x000002e5   Thumb Code     0  libinit2.o(.ARM.Collect$$libinit$$0000001F)
    __rt_lib_init_cpp_1                      0x000002e5   Thumb Code     0  libinit2.o(.ARM.Collect$$libinit$$00000030)
    __rt_lib_init_exceptions_1               0x000002e5   Thumb Code     0  libinit2.o(.ARM.Collect$$libinit$$0000002E)
    __rt_lib_init_fp_trap_1                  0x000002e5   Thumb Code     0  libinit2.o(.ARM.Collect$$libinit$$0000001D)
    __rt_lib_init_getenv_1                   0x000002e5   Thumb Code     0  libinit2.o(.ARM.Collect$$libinit$$00000021)
    __rt_lib_init_lc_numeric_1               0x000002e5   Thumb Code     0  libinit2.o(.ARM.Collect$$libinit$$00000015)
    __rt_lib_init_lc_time_1                  0x000002e5   Thumb Code     0  libinit2.o(.ARM.Collect$$libinit$$00000017)
    __rt_lib_init_return                     0x000002e5   Thumb Code     0  libinit2.o(.ARM.Collect$$libinit$$00000031)
    __rt_lib_init_signal_1                   0x000002e5   Thumb Code     0  libinit2.o(.ARM.Collect$$libinit$$0000001B)
    __rt_lib_init_stdio_1                    0x000002e5   Thumb Code     0  libinit2.o(.ARM.Collect$$libinit$$00000023)
    __rt_lib_shutdown                        0x000002e7   Thumb Code     0  libshutdown.o(.ARM.Collect$$libshutdown$$00000000)
    __rt_lib_shutdown_fp_trap_1              0x000002e9   Thumb Code     0  libshutdown2.o(.ARM.Collect$$libshutdown$$00000006)
    __rt_lib_shutdown_heap_1                 0x000002e9   Thumb Code     0  libshutdown2.o(.ARM.Collect$$libshutdown$$0000000E)
    __rt_lib_shutdown_return                 0x000002e9   Thumb Code     0  libshutdown2.o(.ARM.Collect$$libshutdown$$0000000F)
    __rt_lib_shutdown_signal_1               0x000002e9   Thumb Code     0  libshutdown2.o(.ARM.Collect$$libshutdown$$00000009)
    __rt_lib_shutdown_stdio_1                0x000002e9   Thumb Code     0  libshutdown2.o(.ARM.Collect$$libshutdown$$00000003)
    __rt_lib_shutdown_user_alloc_1           0x000002e9   Thumb Code     0  libshutdown2.o(.ARM.Collect$$libshutdown$$0000000B)
    __rt_entry                               0x000002eb   Thumb Code     0  rtentry.o(.ARM.Collect$$rtentry$$00000000)
    __rt_entry_presh_1                       0x000002eb   Thumb Code     0  rtentry2.o(.ARM.Collect$$rtentry$$00000002)
    __rt_entry_sh                            0x000002eb   Thumb Code     0  rtentry4.o(.ARM.Collect$$rtentry$$00000004)
    __rt_entry_li                            0x000002f1   Thumb Code     0  rtentry2.o(.ARM.Collect$$rtentry$$0000000A)
    __rt_entry_postsh_1                      0x000002f1   Thumb Code     0  rtentry2.o(.ARM.Collect$$rtentry$$00000009)
    __rt_entry_main                          0x000002f5   Thumb Code     0  rtentry2.o(.ARM.Collect$$rtentry$$0000000D)
    __rt_entry_postli_1                      0x000002f5   Thumb Code     0  rtentry2.o(.ARM.Collect$$rtentry$$0000000C)
    __rt_exit                                0x000002fd   Thumb Code     0  rtexit.o(.ARM.Collect$$rtexit$$00000000)
    __rt_exit_ls                             0x000002ff   Thumb Code     0  rtexit2.o(.ARM.Collect$$rtexit$$00000003)
    __rt_exit_prels_1                        0x000002ff   Thumb Code     0  rtexit2.o(.ARM.Collect$$rtexit$$00000002)
    __rt_exit_exit                           0x00000303   Thumb Code     0  rtexit2.o(.ARM.Collect$$rtexit$$00000004)
    Reset_Handler                            0x00000309   Thumb Code     8  startup_tm4c123.o(.text)
    NMI_Handler                              0x00000311   Thumb Code     2  startup_tm4c123.o(.text)
    HardFault_Handler                        0x00000313   Thumb Code     2  startup_tm4c123.o(.text)
    MemManage_Handler                        0x00000315   Thumb Code     2  startup_tm4c123.o(.text)
    BusFault_Handler                         0x00000317   Thumb Code     2  startup_tm4c123.o(.text)
    UsageFault_Handler                       0x00000319   Thumb Code     2  startup_tm4c123.o(.text)
    SVC_Handler                              0x0000031b   Thumb Code     2  startup_tm4c123.o(.text)
    DebugMon_Handler                         0x0000031d   Thumb Code     2  startup_tm4c123.o(.text)
    PendSV_Handler                           0x0000031f   Thumb Code     2  startup_tm4c123.o(.text)
    SysTick_Handler                          0x00000321   Thumb Code     2  startup_tm4c123.o(.text)
    GPIOA_Handler                            0x00000323   Thumb Code     2  startup_tm4c123.o(.text)
    GPIOB_Handler                            0x00000325   Thumb Code     2  startup_tm4c123.o(.text)
    GPIOC_Handler                            0x00000327   Thumb Code     2  startup_tm4c123.o(.text)
    GPIOD_Handler                            0x00000329   Thumb Code     2  startup_tm4c123.o(.text)
    GPIOE_Handler                            0x0000032b   Thumb Code     2  startup_tm4c123.o(.text)
    UART0_Handler                            0x0000032d   Thumb Code     2  startup_tm4c123.o(.text)
    UART1_Handler                            0x0000032f   Thumb Code     2  startup_tm4c123.o(.text)
    SSI0_Handler                             0x00000331   Thumb Code     2  startup_tm4c123.o(.text)
    I2C0_Handler                             0x00000333   Thumb Code     2  startup_tm4c123.o(.text)
    PMW0_FAULT_Handler                       0x00000335   Thumb Code     2  startup_tm4c123.o(.text)
    PWM0_0_Handler                           0x00000337   Thumb Code     2  startup_tm4c123.o(.text)
    PWM0_1_Handler                           0x00000339   Thumb Code     2  startup_tm4c123.o(.text)
    PWM0_2_Handler                           0x0000033b   Thumb Code     2  startup_tm4c123.o(.text)
    QEI0_Handler                             0x0000033d   Thumb Code     2  startup_tm4c123.o(.text)
    ADC0SS0_Handler                          0x0000033f   Thumb Code     2  startup_tm4c123.o(.text)
    ADC0SS1_Handler                          0x00000341   Thumb Code     2  startup_tm4c123.o(.text)
    ADC0SS2_Handler                          0x00000343   Thumb Code     2  startup_tm4c123.o(.text)
    ADC0SS3_Handler                          0x00000345   Thumb Code     2  startup_tm4c123.o(.text)
    WDT0_Handler                             0x00000347   Thumb Code     2  startup_tm4c123.o(.text)
    TIMER0A_Handler                          0x00000349   Thumb Code     2  startup_tm4c123.o(.text)
    TIMER0B_Handler                          0x0000034b   Thumb Code     2  startup_tm4c123.o(.text)
    TIMER1A_Handler                          0x0000034d   Thumb Code     2  startup_tm4c123.o(.text)
    TIMER1B_Handler                          0x0000034f   Thumb Code     2  startup_tm4c123.o(.text)
    TIMER2A_Handler                          0x00000351   Thumb Code     2  startup_tm4c123.o(.text)
    TIMER2B_Handler                          0x00000353   Thumb Code     2  startup_tm4c123.o(.text)
    COMP0_Handler                            0x00000355   Thumb Code     2  startup_tm4c123.o(.text)
    COMP1_Handler                            0x00000357   Thumb Code     2  startup_tm4c123.o(.text)
    COMP2_Handler                            0x00000359   Thumb Code     2  startup_tm4c123.o(.text)
    SYSCTL_Handler                           0x0000035b   Thumb Code     2  startup_tm4c123.o(.text)
    FLASH_Handler                            0x0000035d   Thumb Code     2  startup_tm4c123.o(.text)
    GPIOF_Handler                            0x0000035f   Thumb Code     2  startup_tm4c123.o(.text)
    GPIOG_Handler                            0x00000361   Thumb Code     2  startup_tm4c123.o(.text)
    GPIOH_Handler                            0x00000363   Thumb Code     2  startup_tm4c123.o(.text)
    UART2_Handler                            0x00000365   Thumb Code     2  startup_tm4c123.o(.text)
    SSI1_Handler                             0x00000367   Thumb Code     2  startup_tm4c123.o(.text)
    TIMER3A_Handler                          0x00000369   Thumb Code     2  startup_tm4c123.o(.text)
    TIMER3B_Handler                          0x0000036b   Thumb Code     2  startup_tm4c123.o(.text)
    I2C1_Handler                             0x0000036d   Thumb Code     2  startup_tm4c123.o(.text)
    QEI1_Handler                             0x0000036f   Thumb Code     2  startup_tm4c123.o(.text)
    CAN0_Handler                             0x00000371   Thumb Code     2  startup_tm4c123.o(.text)
    CAN1_Handler                             0x00000373   Thumb Code     2  startup_tm4c123.o(.text)
    CAN2_Handler                             0x00000375   Thumb Code     2  startup_tm4c123.o(.text)
    HIB_Handler                              0x00000377   Thumb Code     2  startup_tm4c123.o(.text)
    USB0_Handler                             0x00000379   Thumb Code     2  startup_tm4c123.o(.text)
    PWM0_3_Handler                           0x0000037b   Thumb Code     2  startup_tm4c123.o(.text)
    UDMA_Handler                             0x0000037d   Thumb Code     2  startup_tm4c123.o(.text)
    UDMAERR_Handler                          0x0000037f   Thumb Code     2  startup_tm4c123.o(.text)
    ADC1SS0_Handler                          0x00000381   Thumb Code     2  startup_tm4c123.o(.text)
    ADC1SS1_Handler                          0x00000383   Thumb Code     2  startup_tm4c123.o(.text)
    ADC1SS2_Handler                          0x00000385   Thumb Code     2  startup_tm4c123.o(.text)
    ADC1SS3_Handler                          0x00000387   Thumb Code     2  startup_tm4c123.o(.text)
    GPIOJ_Handler                            0x00000389   Thumb Code     2  startup_tm4c123.o(.text)
    GPIOK_Handler                            0x0000038b   Thumb Code     2  startup_tm4c123.o(.text)
    GPIOL_Handler                            0x0000038d   Thumb Code     2  startup_tm4c123.o(.text)
    SSI2_Handler                             0x0000038f   Thumb Code     2  startup_tm4c123.o(.text)
    SSI3_Handler                             0x00000391   Thumb Code     2  startup_tm4c123.o(.text)
    UART3_Handler                            0x00000393   Thumb Code     2  startup_tm4c123.o(.text)
    UART4_Handler                            0x00000395   Thumb Code     2  startup_tm4c123.o(.text)
    UART5_Handler                            0x00000397   Thumb Code     2  startup_tm4c123.o(.text)
    UART6_Handler                            0x00000399   Thumb Code     2  startup_tm4c123.o(.text)
    UART7_Handler                            0x0000039b   Thumb Code     2  startup_tm4c123.o(.text)
    I2C2_Handler                             0x0000039d   Thumb Code     2  startup_tm4c123.o(.text)
    I2C3_Handler                             0x0000039f   Thumb Code     2  startup_tm4c123.o(.text)
    TIMER4A_Handler                          0x000003a1   Thumb Code     2  startup_tm4c123.o(.text)
    TIMER4B_Handler                          0x000003a3   Thumb Code     2  startup_tm4c123.o(.text)
    TIMER5A_Handler                          0x000003a5   Thumb Code     2  startup_tm4c123.o(.text)
    TIMER5B_Handler                          0x000003a7   Thumb Code     2  startup_tm4c123.o(.text)
    WTIMER0A_Handler                         0x000003a9   Thumb Code     2  startup_tm4c123.o(.text)
    WTIMER0B_Handler                         0x000003ab   Thumb Code     2  startup_tm4c123.o(.text)
    WTIMER1A_Handler                         0x000003ad   Thumb Code     2  startup_tm4c123.o(.text)
    WTIMER1B_Handler                         0x000003af   Thumb Code     2  startup_tm4c123.o(.text)
    WTIMER2A_Handler                         0x000003b1   Thumb Code     2  startup_tm4c123.o(.text)
    WTIMER2B_Handler                         0x000003b3   Thumb Code     2  startup_tm4c123.o(.text)
    WTIMER3A_Handler                         0x000003b5   Thumb Code     2  startup_tm4c123.o(.text)
    WTIMER3B_Handler                         0x000003b7   Thumb Code     2  startup_tm4c123.o(.text)
    WTIMER4A_Handler                         0x000003b9   Thumb Code     2  startup_tm4c123.o(.text)
    WTIMER4B_Handler                         0x000003bb   Thumb Code     2  startup_tm4c123.o(.text)
    WTIMER5A_Handler                         0x000003bd   Thumb Code     2  startup_tm4c123.o(.text)
    WTIMER5B_Handler                         0x000003bf   Thumb Code     2  startup_tm4c123.o(.text)
    FPU_Handler                              0x000003c1   Thumb Code     2  startup_tm4c123.o(.text)
    I2C4_Handler                             0x000003c3   Thumb Code     2  startup_tm4c123.o(.text)
    I2C5_Handler                             0x000003c5   Thumb Code     2  startup_tm4c123.o(.text)
    GPIOM_Handler                            0x000003c7   Thumb Code     2  startup_tm4c123.o(.text)
    GPION_Handler                            0x000003c9   Thumb Code     2  startup_tm4c123.o(.text)
    QEI2_Handler                             0x000003cb   Thumb Code     2  startup_tm4c123.o(.text)
    GPIOP0_Handler                           0x000003cd   Thumb Code     2  startup_tm4c123.o(.text)
    GPIOP1_Handler                           0x000003cf   Thumb Code     2  startup_tm4c123.o(.text)
    GPIOP2_Handler                           0x000003d1   Thumb Code     2  startup_tm4c123.o(.text)
    GPIOP3_Handler                           0x000003d3   Thumb Code     2  startup_tm4c123.o(.text)
    GPIOP4_Handler                           0x000003d5   Thumb Code     2  startup_tm4c123.o(.text)
    GPIOP5_Handler                           0x000003d7   Thumb Code     2  startup_tm4c123.o(.text)
    GPIOP6_Handler                           0x000003d9   Thumb Code     2  startup_tm4c123.o(.text)
    GPIOP7_Handler                           0x000003db   Thumb Code     2  startup_tm4c123.o(.text)
    GPIOQ0_Handler                           0x000003dd   Thumb Code     2  startup_tm4c123.o(.text)
    GPIOQ1_Handler                           0x000003df   Thumb Code     2  startup_tm4c123.o(.text)
    GPIOQ2_Handler                           0x000003e1   Thumb Code     2  startup_tm4c123.o(.text)
    GPIOQ3_Handler                           0x000003e3   Thumb Code     2  startup_tm4c123.o(.text)
    GPIOQ4_Handler                           0x000003e5   Thumb Code     2  startup_tm4c123.o(.text)
    GPIOQ5_Handler                           0x000003e7   Thumb Code     2  startup_tm4c123.o(.text)
    GPIOQ6_Handler                           0x000003e9   Thumb Code     2  startup_tm4c123.o(.text)
    GPIOQ7_Handler                           0x000003eb   Thumb Code     2  startup_tm4c123.o(.text)
    GPIOR_Handler                            0x000003ed   Thumb Code     2  startup_tm4c123.o(.text)
    GPIOS_Handler                            0x000003ef   Thumb Code     2  startup_tm4c123.o(.text)
    PMW1_0_Handler                           0x000003f1   Thumb Code     2  startup_tm4c123.o(.text)
    PWM1_1_Handler                           0x000003f3   Thumb Code     2  startup_tm4c123.o(.text)
    PWM1_2_Handler                           0x000003f5   Thumb Code     2  startup_tm4c123.o(.text)
    PWM1_3_Handler                           0x000003f7   Thumb Code     2  startup_tm4c123.o(.text)
    PWM1_FAULT_Handler                       0x000003f9   Thumb Code     2  startup_tm4c123.o(.text)
    __user_initial_stackheap                 0x000003fd   Thumb Code     0  startup_tm4c123.o(.text)
    SystemInit                               0x0000041d   Thumb Code    14  mpu650.o(.text)
    I2C_Send_Data                            0x00000441   Thumb Code    84  mpu650.o(.text)
    MPU6050_Init                             0x00000495   Thumb Code    64  mpu650.o(.text)
    UARTInit                                 0x000004d5   Thumb Code   152  mpu650.o(.text)
    I2C3_Init                                0x0000056d   Thumb Code   100  mpu650.o(.text)
    UARTTx                                   0x000005d1   Thumb Code    18  mpu650.o(.text)
    UARTTxString                             0x000005e3   Thumb Code    22  mpu650.o(.text)
    Delay                                    0x000005f9   Thumb Code    24  mpu650.o(.text)
    I2C_Receive_Data                         0x00000611   Thumb Code   186  mpu650.o(.text)
    main                                     0x000006cb   Thumb Code   540  mpu650.o(.text)
    __2sprintf                               0x0000092d   Thumb Code    34  noretval__2sprintf.o(.text)
    __printf                                 0x00000955   Thumb Code   270  __printf_wp.o(.text)
    __use_two_region_memory                  0x00000a63   Thumb Code     2  heapauxi.o(.text)
    __rt_heap_escrow$2region                 0x00000a65   Thumb Code     2  heapauxi.o(.text)
    __rt_heap_expand$2region                 0x00000a67   Thumb Code     2  heapauxi.o(.text)
    __lib_sel_fp_printf                      0x00000a69   Thumb Code     2  _printf_fp_dec.o(.text)
    _printf_fp_dec_real                      0x00000c15   Thumb Code   628  _printf_fp_dec.o(.text)
    _printf_char_common                      0x00000e93   Thumb Code    32  _printf_char_common.o(.text)
    _sputc                                   0x00000eb9   Thumb Code    10  _sputc.o(.text)
    __rt_locale                              0x00000ec5   Thumb Code     8  rt_locale_intlibspace.o(.text)
    _ll_udiv10                               0x00000ecd   Thumb Code   138  lludiv10.o(.text)
    _printf_fp_infnan                        0x00000f59   Thumb Code   112  _printf_fp_infnan.o(.text)
    _btod_etento                             0x00000fd9   Thumb Code   222  bigflt0.o(.text)
    __user_libspace                          0x000010bd   Thumb Code     8  libspace.o(.text)
    __user_perproc_libspace                  0x000010bd   Thumb Code     0  libspace.o(.text)
    __user_perthread_libspace                0x000010bd   Thumb Code     0  libspace.o(.text)
    __user_setup_stackheap                   0x000010c5   Thumb Code    74  sys_stackheap_outer.o(.text)
    exit                                     0x0000110f   Thumb Code    12  exit.o(.text)
    strcmp                                   0x0000111d   Thumb Code   128  strcmpv7m.o(.text)
    _sys_exit                                0x0000119d   Thumb Code     8  sys_exit.o(.text)
    __I$use$semihosting                      0x000011a9   Thumb Code     0  use_no_semi.o(.text)
    __use_no_semihosting_swi                 0x000011a9   Thumb Code     2  use_no_semi.o(.text)
    __semihosting_library_function           0x000011ab   Thumb Code     0  indicate_semi.o(.text)
    _btod_d2e                                0x000011ab   Thumb Code    62  btod.o(CL$$btod_d2e)
    _d2e_denorm_low                          0x000011e9   Thumb Code    70  btod.o(CL$$btod_d2e_denorm_low)
    _d2e_norm_op1                            0x0000122f   Thumb Code    96  btod.o(CL$$btod_d2e_norm_op1)
    __btod_div_common                        0x0000128f   Thumb Code   696  btod.o(CL$$btod_div_common)
    _e2e                                     0x000015c7   Thumb Code   198  btod.o(CL$$btod_e2e)
    _btod_ediv                               0x0000168d   Thumb Code    40  btod.o(CL$$btod_ediv)
    _btod_emul                               0x000016b5   Thumb Code    40  btod.o(CL$$btod_emul)
    __btod_mult_common                       0x000016dd   Thumb Code   580  btod.o(CL$$btod_mult_common)
    __ARM_fpclassify                         0x00001921   Thumb Code    48  fpclassify.o(i.__ARM_fpclassify)
    _is_digit                                0x00001951   Thumb Code    14  __printf_wp.o(i._is_digit)
    _get_lc_numeric                          0x00001961   Thumb Code    44  lc_numeric_c.o(locale$$code)
    __fpl_dretinf                            0x0000198d   Thumb Code    12  dretinf.o(x$fpl$dretinf)
    __aeabi_f2d                              0x00001999   Thumb Code     0  f2d.o(x$fpl$f2d)
    _f2d                                     0x00001999   Thumb Code    86  f2d.o(x$fpl$f2d)
    __fpl_fnaninf                            0x000019ef   Thumb Code   140  fnaninf.o(x$fpl$fnaninf)
    _fp_init                                 0x00001a7b   Thumb Code    10  fpinit.o(x$fpl$fpinit)
    __fplib_config_fpu_vfp                   0x00001a83   Thumb Code     0  fpinit.o(x$fpl$fpinit)
    __fplib_config_pureend_doubles           0x00001a83   Thumb Code     0  fpinit.o(x$fpl$fpinit)
    _printf_fp_dec                           0x00001a85   Thumb Code     4  printf1.o(x$fpl$printf1)
    __I$use$fp                               0x00001a88   Number         0  usenofp.o(x$fpl$usenofp)
    Region$$Table$$Base                      0x00001b1c   Number         0  anon$$obj.o(Region$$Table)
    Region$$Table$$Limit                     0x00001b2c   Number         0  anon$$obj.o(Region$$Table)
    msg                                      0x20000000   Data          20  mpu650.o(.bss)
    __libspace_start                         0x20000014   Data          96  libspace.o(.bss)
    __temporary_stack_top$libspace           0x20000074   Data           0  libspace.o(.bss)



==============================================================================

Memory Map of the image

  Image Entry point : 0x00000309

  Load Region LR_1 (Base: 0x00000000, Size: 0x00001b48, Max: 0xffffffff, ABSOLUTE)

    Execution Region ER_RO (Base: 0x00000000, Size: 0x00001b48, Max: 0xffffffff, ABSOLUTE)

    Base Addr    Size         Type   Attr      Idx    E Section Name        Object

    0x00000000   0x0000026c   Data   RO            3    RESET               startup_tm4c123.o
    0x0000026c   0x00000008   Code   RO          102  * !!!main             c_w.l(__main.o)
    0x00000274   0x00000034   Code   RO          317    !!!scatter          c_w.l(__scatter.o)
    0x000002a8   0x0000001c   Code   RO          319    !!handler_zi        c_w.l(__scatter_zi.o)
    0x000002c4   0x00000000   Code   RO           99    .ARM.Collect$$_printf_percent$$00000000  c_w.l(_printf_percent.o)
    0x000002c4   0x00000006   Code   RO           98    .ARM.Collect$$_printf_percent$$00000003  c_w.l(_printf_f.o)
    0x000002ca   0x00000004   Code   RO          115    .ARM.Collect$$_printf_percent$$00000017  c_w.l(_printf_percent_end.o)
    0x000002ce   0x00000002   Code   RO          193    .ARM.Collect$$libinit$$00000000  c_w.l(libinit.o)
    0x000002d0   0x00000004   Code   RO          194    .ARM.Collect$$libinit$$00000001  c_w.l(libinit2.o)
    0x000002d4   0x00000000   Code   RO          198    .ARM.Collect$$libinit$$00000008  c_w.l(libinit2.o)
    0x000002d4   0x00000000   Code   RO          200    .ARM.Collect$$libinit$$0000000A  c_w.l(libinit2.o)
    0x000002d4   0x00000000   Code   RO          202    .ARM.Collect$$libinit$$0000000C  c_w.l(libinit2.o)
    0x000002d4   0x00000006   Code   RO          203    .ARM.Collect$$libinit$$0000000D  c_w.l(libinit2.o)
    0x000002da   0x00000000   Code   RO          205    .ARM.Collect$$libinit$$0000000F  c_w.l(libinit2.o)
    0x000002da   0x00000000   Code   RO          207    .ARM.Collect$$libinit$$00000011  c_w.l(libinit2.o)
    0x000002da   0x00000000   Code   RO          209    .ARM.Collect$$libinit$$00000013  c_w.l(libinit2.o)
    0x000002da   0x0000000a   Code   RO          210    .ARM.Collect$$libinit$$00000014  c_w.l(libinit2.o)
    0x000002e4   0x00000000   Code   RO          211    .ARM.Collect$$libinit$$00000015  c_w.l(libinit2.o)
    0x000002e4   0x00000000   Code   RO          213    .ARM.Collect$$libinit$$00000017  c_w.l(libinit2.o)
    0x000002e4   0x00000000   Code   RO          215    .ARM.Collect$$libinit$$00000019  c_w.l(libinit2.o)
    0x000002e4   0x00000000   Code   RO          217    .ARM.Collect$$libinit$$0000001B  c_w.l(libinit2.o)
    0x000002e4   0x00000000   Code   RO          219    .ARM.Collect$$libinit$$0000001D  c_w.l(libinit2.o)
    0x000002e4   0x00000000   Code   RO          221    .ARM.Collect$$libinit$$0000001F  c_w.l(libinit2.o)
    0x000002e4   0x00000000   Code   RO          223    .ARM.Collect$$libinit$$00000021  c_w.l(libinit2.o)
    0x000002e4   0x00000000   Code   RO          225    .ARM.Collect$$libinit$$00000023  c_w.l(libinit2.o)
    0x000002e4   0x00000000   Code   RO          229    .ARM.Collect$$libinit$$0000002A  c_w.l(libinit2.o)
    0x000002e4   0x00000000   Code   RO          231    .ARM.Collect$$libinit$$0000002C  c_w.l(libinit2.o)
    0x000002e4   0x00000000   Code   RO          233    .ARM.Collect$$libinit$$0000002E  c_w.l(libinit2.o)
    0x000002e4   0x00000000   Code   RO          235    .ARM.Collect$$libinit$$00000030  c_w.l(libinit2.o)
    0x000002e4   0x00000002   Code   RO          236    .ARM.Collect$$libinit$$00000031  c_w.l(libinit2.o)
    0x000002e6   0x00000002   Code   RO          266    .ARM.Collect$$libshutdown$$00000000  c_w.l(libshutdown.o)
    0x000002e8   0x00000000   Code   RO          278    .ARM.Collect$$libshutdown$$00000003  c_w.l(libshutdown2.o)
    0x000002e8   0x00000000   Code   RO          281    .ARM.Collect$$libshutdown$$00000006  c_w.l(libshutdown2.o)
    0x000002e8   0x00000000   Code   RO          284    .ARM.Collect$$libshutdown$$00000009  c_w.l(libshutdown2.o)
    0x000002e8   0x00000000   Code   RO          286    .ARM.Collect$$libshutdown$$0000000B  c_w.l(libshutdown2.o)
    0x000002e8   0x00000000   Code   RO          289    .ARM.Collect$$libshutdown$$0000000E  c_w.l(libshutdown2.o)
    0x000002e8   0x00000002   Code   RO          290    .ARM.Collect$$libshutdown$$0000000F  c_w.l(libshutdown2.o)
    0x000002ea   0x00000000   Code   RO          108    .ARM.Collect$$rtentry$$00000000  c_w.l(rtentry.o)
    0x000002ea   0x00000000   Code   RO          122    .ARM.Collect$$rtentry$$00000002  c_w.l(rtentry2.o)
    0x000002ea   0x00000006   Code   RO          134    .ARM.Collect$$rtentry$$00000004  c_w.l(rtentry4.o)
    0x000002f0   0x00000000   Code   RO          124    .ARM.Collect$$rtentry$$00000009  c_w.l(rtentry2.o)
    0x000002f0   0x00000004   Code   RO          125    .ARM.Collect$$rtentry$$0000000A  c_w.l(rtentry2.o)
    0x000002f4   0x00000000   Code   RO          127    .ARM.Collect$$rtentry$$0000000C  c_w.l(rtentry2.o)
    0x000002f4   0x00000008   Code   RO          128    .ARM.Collect$$rtentry$$0000000D  c_w.l(rtentry2.o)
    0x000002fc   0x00000002   Code   RO          237    .ARM.Collect$$rtexit$$00000000  c_w.l(rtexit.o)
    0x000002fe   0x00000000   Code   RO          244    .ARM.Collect$$rtexit$$00000002  c_w.l(rtexit2.o)
    0x000002fe   0x00000004   Code   RO          245    .ARM.Collect$$rtexit$$00000003  c_w.l(rtexit2.o)
    0x00000302   0x00000006   Code   RO          246    .ARM.Collect$$rtexit$$00000004  c_w.l(rtexit2.o)
    0x00000308   0x00000114   Code   RO            4  * .text               startup_tm4c123.o
    0x0000041c   0x00000510   Code   RO           12    .text               mpu650.o
    0x0000092c   0x00000028   Code   RO           74    .text               c_w.l(noretval__2sprintf.o)
    0x00000954   0x0000010e   Code   RO           86    .text               c_w.l(__printf_wp.o)
    0x00000a62   0x00000006   Code   RO          100    .text               c_w.l(heapauxi.o)
    0x00000a68   0x00000420   Code   RO          109    .text               c_w.l(_printf_fp_dec.o)
    0x00000e88   0x00000030   Code   RO          111    .text               c_w.l(_printf_char_common.o)
    0x00000eb8   0x0000000a   Code   RO          113    .text               c_w.l(_sputc.o)
    0x00000ec2   0x00000002   PAD
    0x00000ec4   0x00000008   Code   RO          139    .text               c_w.l(rt_locale_intlibspace.o)
    0x00000ecc   0x0000008a   Code   RO          141    .text               c_w.l(lludiv10.o)
    0x00000f56   0x00000002   PAD
    0x00000f58   0x00000080   Code   RO          143    .text               c_w.l(_printf_fp_infnan.o)
    0x00000fd8   0x000000e4   Code   RO          147    .text               c_w.l(bigflt0.o)
    0x000010bc   0x00000008   Code   RO          179    .text               c_w.l(libspace.o)
    0x000010c4   0x0000004a   Code   RO          182    .text               c_w.l(sys_stackheap_outer.o)
    0x0000110e   0x0000000c   Code   RO          184    .text               c_w.l(exit.o)
    0x0000111a   0x00000002   PAD
    0x0000111c   0x00000080   Code   RO          186    .text               c_w.l(strcmpv7m.o)
    0x0000119c   0x0000000c   Code   RO          256    .text               c_w.l(sys_exit.o)
    0x000011a8   0x00000002   Code   RO          267    .text               c_w.l(use_no_semi.o)
    0x000011aa   0x00000000   Code   RO          269    .text               c_w.l(indicate_semi.o)
    0x000011aa   0x0000003e   Code   RO          150    CL$$btod_d2e        c_w.l(btod.o)
    0x000011e8   0x00000046   Code   RO          152    CL$$btod_d2e_denorm_low  c_w.l(btod.o)
    0x0000122e   0x00000060   Code   RO          151    CL$$btod_d2e_norm_op1  c_w.l(btod.o)
    0x0000128e   0x00000338   Code   RO          160    CL$$btod_div_common  c_w.l(btod.o)
    0x000015c6   0x000000c6   Code   RO          157    CL$$btod_e2e        c_w.l(btod.o)
    0x0000168c   0x00000028   Code   RO          154    CL$$btod_ediv       c_w.l(btod.o)
    0x000016b4   0x00000028   Code   RO          153    CL$$btod_emul       c_w.l(btod.o)
    0x000016dc   0x00000244   Code   RO          159    CL$$btod_mult_common  c_w.l(btod.o)
    0x00001920   0x00000030   Code   RO          177    i.__ARM_fpclassify  m_wm.l(fpclassify.o)
    0x00001950   0x0000000e   Code   RO           88    i._is_digit         c_w.l(__printf_wp.o)
    0x0000195e   0x00000002   PAD
    0x00001960   0x0000002c   Code   RO          173    locale$$code        c_w.l(lc_numeric_c.o)
    0x0000198c   0x0000000c   Code   RO          116    x$fpl$dretinf       fz_wm.l(dretinf.o)
    0x00001998   0x00000056   Code   RO          104    x$fpl$f2d           fz_wm.l(f2d.o)
    0x000019ee   0x0000008c   Code   RO          118    x$fpl$fnaninf       fz_wm.l(fnaninf.o)
    0x00001a7a   0x0000000a   Code   RO          241    x$fpl$fpinit        fz_wm.l(fpinit.o)
    0x00001a84   0x00000004   Code   RO          106    x$fpl$printf1       fz_wm.l(printf1.o)
    0x00001a88   0x00000000   Code   RO          120    x$fpl$usenofp       fz_wm.l(usenofp.o)
    0x00001a88   0x00000094   Data   RO          148    .constdata          c_w.l(bigflt0.o)
    0x00001b1c   0x00000010   Data   RO          315    Region$$Table       anon$$obj.o
    0x00001b2c   0x0000001c   Data   RO          172    locale$$data        c_w.l(lc_numeric_c.o)


    Execution Region ER_RW (Base: 0x20000000, Size: 0x00000000, Max: 0xffffffff, ABSOLUTE)

    **** No section assigned to this execution region ****


    Execution Region ER_ZI (Base: 0x20000000, Size: 0x00000278, Max: 0xffffffff, ABSOLUTE)

    Base Addr    Size         Type   Attr      Idx    E Section Name        Object

    0x20000000   0x00000014   Zero   RW           13    .bss                mpu650.o
    0x20000014   0x00000060   Zero   RW          180    .bss                c_w.l(libspace.o)
    0x20000074   0x00000004   PAD
    0x20000078   0x00000000   Zero   RW            2    HEAP                startup_tm4c123.o
    0x20000078   0x00000200   Zero   RW            1    STACK               startup_tm4c123.o


==============================================================================

Image component sizes


      Code (inc. data)   RO Data    RW Data    ZI Data      Debug   Object Name

      1296        138          0          0         20       8585   mpu650.o
       276         24        620          0        512       5372   startup_tm4c123.o

    ----------------------------------------------------------------------
      1572        162        636          0        532      13957   Object Totals
         0          0         16          0          0          0   (incl. Generated)
         0          0          0          0          0          0   (incl. Padding)

    ----------------------------------------------------------------------

      Code (inc. data)   RO Data    RW Data    ZI Data      Debug   Library Member Name

         8          0          0          0          0         68   __main.o
       284          0          0          0          0        156   __printf_wp.o
        52          8          0          0          0          0   __scatter.o
        28          0          0          0          0          0   __scatter_zi.o
        48          6          0          0          0         96   _printf_char_common.o
         6          0          0          0          0          0   _printf_f.o
      1056          0          0          0          0        216   _printf_fp_dec.o
       128         16          0          0          0         84   _printf_fp_infnan.o
         0          0          0          0          0          0   _printf_percent.o
         4          0          0          0          0          0   _printf_percent_end.o
        10          0          0          0          0         68   _sputc.o
       228          6        148          0          0         96   bigflt0.o
      1910        128          0          0          0        672   btod.o
        12          0          0          0          0         72   exit.o
         6          0          0          0          0        152   heapauxi.o
         0          0          0          0          0          0   indicate_semi.o
        44         10         28          0          0         76   lc_numeric_c.o
         2          0          0          0          0          0   libinit.o
        22          0          0          0          0          0   libinit2.o
         2          0          0          0          0          0   libshutdown.o
         2          0          0          0          0          0   libshutdown2.o
         8          4          0          0         96         68   libspace.o
       138          0          0          0          0         80   lludiv10.o
        40          6          0          0          0         84   noretval__2sprintf.o
         8          4          0          0          0         68   rt_locale_intlibspace.o
         0          0          0          0          0          0   rtentry.o
        12          0          0          0          0          0   rtentry2.o
         6          0          0          0          0          0   rtentry4.o
         2          0          0          0          0          0   rtexit.o
        10          0          0          0          0          0   rtexit2.o
       128          0          0          0          0         68   strcmpv7m.o
        12          4          0          0          0         68   sys_exit.o
        74          0          0          0          0         80   sys_stackheap_outer.o
         2          0          0          0          0         68   use_no_semi.o
        12          0          0          0          0        116   dretinf.o
        86          4          0          0          0        132   f2d.o
       140          4          0          0          0        132   fnaninf.o
        10          0          0          0          0        116   fpinit.o
         4          0          0          0          0        116   printf1.o
         0          0          0          0          0          0   usenofp.o
        48          0          0          0          0        124   fpclassify.o

    ----------------------------------------------------------------------
      4600        200        176          0        100       3076   Library Totals
         8          0          0          0          4          0   (incl. Padding)

    ----------------------------------------------------------------------

      Code (inc. data)   RO Data    RW Data    ZI Data      Debug   Library Name

      4292        192        176          0         96       2340   c_w.l
       252          8          0          0          0        612   fz_wm.l
        48          0          0          0          0        124   m_wm.l

    ----------------------------------------------------------------------
      4600        200        176          0        100       3076   Library Totals

    ----------------------------------------------------------------------

==============================================================================


      Code (inc. data)   RO Data    RW Data    ZI Data      Debug   

      6172        362        812          0        632      15081   Grand Totals
      6172        362        812          0        632      15081   ELF Image Totals
      6172        362        812          0          0          0   ROM Totals

==============================================================================

    Total RO  Size (Code + RO Data)                 6984 (   6.82kB)
    Total RW  Size (RW Data + ZI Data)               632 (   0.62kB)
    Total ROM Size (Code + RO Data + RW Data)       6984 (   6.82kB)

==============================================================================

