<html>
<body>
<pre>
<h1>µVision Build Log</h1>
<h2>Project:</h2>
D:\Keil Projects\UART\UART.uvproj
Project File Date:  10/25/2023

<h2>Output:</h2>
Build target 'Target 1'
compiling UART0.c...
UART0.c(142): warning:  #1-D: last line of file ends without a newline
linking...
Program Size: Code=820 RO-data=636 RW-data=0 ZI-data=608  
".\UART.axf" - 0 Errors, 1 Warning(s).
Load "D:\\Keil Projects\\UART\\UART.axf" 
Internal DLL Error
Build target 'Target 1'
compiling UART0.c...
UART0.c(142): warning:  #1-D: last line of file ends without a newline
linking...
Program Size: Code=824 RO-data=636 RW-data=0 ZI-data=608  
".\UART.axf" - 0 Errors, 1 Warning(s).
